Archive member included to satisfy reference by file (symbol)

c:/intelfpga_lite/18.1/nios2eds/bin/gnu/h-x86_64-mingw32/bin/../lib/gcc/nios2-elf/5.3.0/mno-hw-mul\libgcc.a(lib2-mul.o)
                              obj/default/main.o (__mulsi3)
c:/intelfpga_lite/18.1/nios2eds/bin/gnu/h-x86_64-mingw32/bin/../lib/gcc/nios2-elf/5.3.0/../../../../../H-x86_64-mingw32/nios2-elf/lib/mno-hw-mul\libsmallc.a(lib_a-memcpy.o)
                              obj/default/main.o (memcpy)
../P1_bsp/\libhal_bsp.a(alt_load.o)
                              ../P1_bsp//obj/HAL/src/crt0.o (alt_load)
../P1_bsp/\libhal_bsp.a(alt_main.o)
                              ../P1_bsp//obj/HAL/src/crt0.o (alt_main)
../P1_bsp/\libhal_bsp.a(alt_putstr.o)
                              obj/default/uart.o (alt_putstr)
../P1_bsp/\libhal_bsp.a(alt_usleep.o)
                              obj/default/lcd.o (usleep)
../P1_bsp/\libhal_bsp.a(alt_sys_init.o)
                              ../P1_bsp/\libhal_bsp.a(alt_main.o) (alt_irq_init)
../P1_bsp/\libhal_bsp.a(altera_avalon_uart_write.o)
                              ../P1_bsp/\libhal_bsp.a(alt_putstr.o) (altera_avalon_uart_write)
../P1_bsp/\libhal_bsp.a(alt_busy_sleep.o)
                              ../P1_bsp/\libhal_bsp.a(alt_usleep.o) (alt_busy_sleep)
../P1_bsp/\libhal_bsp.a(alt_dcache_flush_all.o)
                              ../P1_bsp/\libhal_bsp.a(alt_load.o) (alt_dcache_flush_all)
../P1_bsp/\libhal_bsp.a(alt_errno.o)
                              ../P1_bsp/\libhal_bsp.a(altera_avalon_uart_write.o) (alt_errno)
../P1_bsp/\libhal_bsp.a(alt_icache_flush_all.o)
                              ../P1_bsp/\libhal_bsp.a(alt_load.o) (alt_icache_flush_all)
../P1_bsp/\libhal_bsp.a(altera_nios2_gen2_irq.o)
                              ../P1_bsp/\libhal_bsp.a(alt_sys_init.o) (altera_nios2_gen2_irq_init)
c:/intelfpga_lite/18.1/nios2eds/bin/gnu/h-x86_64-mingw32/bin/../lib/gcc/nios2-elf/5.3.0/../../../../../H-x86_64-mingw32/nios2-elf/lib/mno-hw-mul\libsmallc.a(lib_a-int_errno.o)
                              ../P1_bsp/\libhal_bsp.a(altera_avalon_uart_write.o) (errno)
c:/intelfpga_lite/18.1/nios2eds/bin/gnu/h-x86_64-mingw32/bin/../lib/gcc/nios2-elf/5.3.0/../../../../../H-x86_64-mingw32/nios2-elf/lib/mno-hw-mul\libsmallc.a(lib_a-strlen.o)
                              ../P1_bsp/\libhal_bsp.a(alt_putstr.o) (strlen)
c:/intelfpga_lite/18.1/nios2eds/bin/gnu/h-x86_64-mingw32/bin/../lib/gcc/nios2-elf/5.3.0/mno-hw-mul\libgcc.a(lib2-divmod.o)
                              ../P1_bsp/\libhal_bsp.a(alt_busy_sleep.o) (__udivsi3)

Allocating common symbols
Common symbol       size              file

errno               0x4               c:/intelfpga_lite/18.1/nios2eds/bin/gnu/h-x86_64-mingw32/bin/../lib/gcc/nios2-elf/5.3.0/../../../../../H-x86_64-mingw32/nios2-elf/lib/mno-hw-mul\libsmallc.a(lib_a-int_errno.o)

Memory Configuration

Name             Origin             Length             Attributes
reset            0x0000000000008000 0x0000000000000020
memory           0x0000000000008020 0x0000000000005fe0
*default*        0x0000000000000000 0xffffffffffffffff

Linker script and memory map

LOAD ../P1_bsp//obj/HAL/src/crt0.o
LOAD obj/default/lcd.o
LOAD obj/default/main.o
LOAD obj/default/uart.o
LOAD c:/intelfpga_lite/18.1/nios2eds/bin/gnu/h-x86_64-mingw32/bin/../lib/gcc/nios2-elf/5.3.0/../../../../../H-x86_64-mingw32/nios2-elf/lib/mno-hw-mul\libstdc++.a
LOAD c:/intelfpga_lite/18.1/nios2eds/bin/gnu/h-x86_64-mingw32/bin/../lib/gcc/nios2-elf/5.3.0/../../../../../H-x86_64-mingw32/nios2-elf/lib/mno-hw-mul\libm.a
LOAD c:/intelfpga_lite/18.1/nios2eds/bin/gnu/h-x86_64-mingw32/bin/../lib/gcc/nios2-elf/5.3.0/mno-hw-mul\libgcc.a
START GROUP
LOAD c:/intelfpga_lite/18.1/nios2eds/bin/gnu/h-x86_64-mingw32/bin/../lib/gcc/nios2-elf/5.3.0/../../../../../H-x86_64-mingw32/nios2-elf/lib/mno-hw-mul\libsmallc.a
LOAD c:/intelfpga_lite/18.1/nios2eds/bin/gnu/h-x86_64-mingw32/bin/../lib/gcc/nios2-elf/5.3.0/mno-hw-mul\libgcc.a
LOAD ../P1_bsp/\libhal_bsp.a
LOAD c:/intelfpga_lite/18.1/nios2eds/bin/gnu/h-x86_64-mingw32/bin/../lib/gcc/nios2-elf/5.3.0/../../../../../H-x86_64-mingw32/nios2-elf/lib/mno-hw-mul\libm.a
END GROUP
LOAD c:/intelfpga_lite/18.1/nios2eds/bin/gnu/h-x86_64-mingw32/bin/../lib/gcc/nios2-elf/5.3.0/mno-hw-mul\libgcc.a
                0x0000000000008000                __alt_mem_memory = 0x8000

.entry          0x0000000000008000       0x20
 *(.entry)
 .entry         0x0000000000008000       0x20 ../P1_bsp//obj/HAL/src/crt0.o
                0x0000000000008000                __reset
                0x000000000000800c                _exit

.exceptions     0x0000000000008020        0x0
                0x0000000000008020                PROVIDE (__ram_exceptions_start, ABSOLUTE (.))
                0x0000000000008020                . = ALIGN (0x20)
 *(.irq)
 *(.exceptions.entry.label)
 *(.exceptions.entry.user)
 *(.exceptions.entry.ecc_fatal)
 *(.exceptions.entry)
 *(.exceptions.irqtest.user)
 *(.exceptions.irqtest)
 *(.exceptions.irqhandler.user)
 *(.exceptions.irqhandler)
 *(.exceptions.irqreturn.user)
 *(.exceptions.irqreturn)
 *(.exceptions.notirq.label)
 *(.exceptions.notirq.user)
 *(.exceptions.notirq)
 *(.exceptions.soft.user)
 *(.exceptions.soft)
 *(.exceptions.unknown.user)
 *(.exceptions.unknown)
 *(.exceptions.exit.label)
 *(.exceptions.exit.user)
 *(.exceptions.exit)
 *(.exceptions)
                0x0000000000008020                PROVIDE (__ram_exceptions_end, ABSOLUTE (.))
                0x0000000000008020                PROVIDE (__flash_exceptions_start, LOADADDR (.exceptions))

.text           0x0000000000008020      0x8b8
                [!provide]                        PROVIDE (stext, ABSOLUTE (.))
 *(.interp)
 *(.hash)
 *(.dynsym)
 *(.dynstr)
 *(.gnu.version)
 *(.gnu.version_d)
 *(.gnu.version_r)
 *(.rel.init)
 *(.rela.init)
 *(.rel.text .rel.text.* .rel.gnu.linkonce.t.*)
 *(.rela.text .rela.text.* .rela.gnu.linkonce.t.*)
 *(.rel.fini)
 *(.rela.fini)
 *(.rel.rodata .rel.rodata.* .rel.gnu.linkonce.r.*)
 *(.rela.rodata .rela.rodata.* .rela.gnu.linkonce.r.*)
 *(.rel.data .rel.data.* .rel.gnu.linkonce.d.*)
 *(.rela.data .rela.data.* .rela.gnu.linkonce.d.*)
 *(.rel.tdata .rel.tdata.* .rel.gnu.linkonce.td.*)
 *(.rela.tdata .rela.tdata.* .rela.gnu.linkonce.td.*)
 *(.rel.tbss .rel.tbss.* .rel.gnu.linkonce.tb.*)
 *(.rela.tbss .rela.tbss.* .rela.gnu.linkonce.tb.*)
 *(.rel.ctors)
 *(.rela.ctors)
 *(.rel.dtors)
 *(.rela.dtors)
 *(.rel.got)
 *(.rela.got)
 *(.rel.sdata .rel.sdata.* .rel.gnu.linkonce.s.*)
 *(.rela.sdata .rela.sdata.* .rela.gnu.linkonce.s.*)
 *(.rel.sbss .rel.sbss.* .rel.gnu.linkonce.sb.*)
 *(.rela.sbss .rela.sbss.* .rela.gnu.linkonce.sb.*)
 *(.rel.sdata2 .rel.sdata2.* .rel.gnu.linkonce.s2.*)
 *(.rela.sdata2 .rela.sdata2.* .rela.gnu.linkonce.s2.*)
 *(.rel.sbss2 .rel.sbss2.* .rel.gnu.linkonce.sb2.*)
 *(.rela.sbss2 .rela.sbss2.* .rela.gnu.linkonce.sb2.*)
 *(.rel.bss .rel.bss.* .rel.gnu.linkonce.b.*)
 *(.rela.bss .rela.bss.* .rela.gnu.linkonce.b.*)
 *(.rel.plt)
 *(.rela.plt)
 *(.rel.dyn)
 *(.init)
 *(.plt)
 *(.text .stub .text.* .gnu.linkonce.t.*)
 .text          0x0000000000008020       0x3c ../P1_bsp//obj/HAL/src/crt0.o
                0x0000000000008020                _start
 .text          0x000000000000805c      0x14c obj/default/lcd.o
                0x000000000000805c                lcd_init
                0x000000000000811c                lcd_print
 .text          0x00000000000081a8        0x0 obj/default/main.o
 .text.startup  0x00000000000081a8      0x224 obj/default/main.o
                0x00000000000081a8                main
 .text          0x00000000000083cc       0x64 obj/default/uart.o
                0x00000000000083cc                uart_send
 .text          0x0000000000008430       0x28 c:/intelfpga_lite/18.1/nios2eds/bin/gnu/h-x86_64-mingw32/bin/../lib/gcc/nios2-elf/5.3.0/mno-hw-mul\libgcc.a(lib2-mul.o)
                0x0000000000008430                __mulsi3
 .text          0x0000000000008458        0x0 c:/intelfpga_lite/18.1/nios2eds/bin/gnu/h-x86_64-mingw32/bin/../lib/gcc/nios2-elf/5.3.0/../../../../../H-x86_64-mingw32/nios2-elf/lib/mno-hw-mul\libsmallc.a(lib_a-memcpy.o)
 .text.memcpy   0x0000000000008458       0x28 c:/intelfpga_lite/18.1/nios2eds/bin/gnu/h-x86_64-mingw32/bin/../lib/gcc/nios2-elf/5.3.0/../../../../../H-x86_64-mingw32/nios2-elf/lib/mno-hw-mul\libsmallc.a(lib_a-memcpy.o)
                0x0000000000008458                memcpy
 .text          0x0000000000008480       0xe0 ../P1_bsp/\libhal_bsp.a(alt_load.o)
                0x0000000000008480                alt_load
 .text          0x0000000000008560       0x2c ../P1_bsp/\libhal_bsp.a(alt_main.o)
                0x0000000000008560                alt_main
 .text          0x000000000000858c       0x38 ../P1_bsp/\libhal_bsp.a(alt_putstr.o)
                0x000000000000858c                alt_putstr
 .text          0x00000000000085c4        0x4 ../P1_bsp/\libhal_bsp.a(alt_usleep.o)
                0x00000000000085c4                usleep
 .text          0x00000000000085c8       0x24 ../P1_bsp/\libhal_bsp.a(alt_sys_init.o)
                0x00000000000085c8                alt_irq_init
                0x00000000000085e8                alt_sys_init
 .text          0x00000000000085ec       0x84 ../P1_bsp/\libhal_bsp.a(altera_avalon_uart_write.o)
                0x00000000000085ec                altera_avalon_uart_write
 .text          0x0000000000008670       0x88 ../P1_bsp/\libhal_bsp.a(alt_busy_sleep.o)
                0x0000000000008670                alt_busy_sleep
 .text          0x00000000000086f8        0x4 ../P1_bsp/\libhal_bsp.a(alt_dcache_flush_all.o)
                0x00000000000086f8                alt_dcache_flush_all
 .text          0x00000000000086fc        0x0 ../P1_bsp/\libhal_bsp.a(alt_errno.o)
 .text          0x00000000000086fc        0x4 ../P1_bsp/\libhal_bsp.a(alt_icache_flush_all.o)
                0x00000000000086fc                alt_icache_flush_all
 .text          0x0000000000008700        0x8 ../P1_bsp/\libhal_bsp.a(altera_nios2_gen2_irq.o)
                0x0000000000008700                altera_nios2_gen2_irq_init
 .text          0x0000000000008708        0x0 c:/intelfpga_lite/18.1/nios2eds/bin/gnu/h-x86_64-mingw32/bin/../lib/gcc/nios2-elf/5.3.0/../../../../../H-x86_64-mingw32/nios2-elf/lib/mno-hw-mul\libsmallc.a(lib_a-int_errno.o)
 .text          0x0000000000008708        0x0 c:/intelfpga_lite/18.1/nios2eds/bin/gnu/h-x86_64-mingw32/bin/../lib/gcc/nios2-elf/5.3.0/../../../../../H-x86_64-mingw32/nios2-elf/lib/mno-hw-mul\libsmallc.a(lib_a-strlen.o)
 .text.strlen   0x0000000000008708       0x1c c:/intelfpga_lite/18.1/nios2eds/bin/gnu/h-x86_64-mingw32/bin/../lib/gcc/nios2-elf/5.3.0/../../../../../H-x86_64-mingw32/nios2-elf/lib/mno-hw-mul\libsmallc.a(lib_a-strlen.o)
                0x0000000000008708                strlen
 .text          0x0000000000008724      0x1b4 c:/intelfpga_lite/18.1/nios2eds/bin/gnu/h-x86_64-mingw32/bin/../lib/gcc/nios2-elf/5.3.0/mno-hw-mul\libgcc.a(lib2-divmod.o)
                0x0000000000008724                __divsi3
                0x00000000000087a8                __modsi3
                0x000000000000881c                __udivsi3
                0x0000000000008880                __umodsi3
 *(.gnu.warning.*)
 *(.fini)
                [!provide]                        PROVIDE (__etext, ABSOLUTE (.))
                [!provide]                        PROVIDE (_etext, ABSOLUTE (.))
                [!provide]                        PROVIDE (etext, ABSOLUTE (.))
 *(.eh_frame_hdr)
                0x00000000000088d8                . = ALIGN (0x4)
                [!provide]                        PROVIDE (__preinit_array_start, ABSOLUTE (.))
 *(.preinit_array)
                [!provide]                        PROVIDE (__preinit_array_end, ABSOLUTE (.))
                [!provide]                        PROVIDE (__init_array_start, ABSOLUTE (.))
 *(.init_array)
                [!provide]                        PROVIDE (__init_array_end, ABSOLUTE (.))
                [!provide]                        PROVIDE (__fini_array_start, ABSOLUTE (.))
 *(.fini_array)
                [!provide]                        PROVIDE (__fini_array_end, ABSOLUTE (.))
 *(.eh_frame)
 *(.gcc_except_table .gcc_except_table.*)
 *(.dynamic)
                [!provide]                        PROVIDE (__CTOR_LIST__, ABSOLUTE (.))
 *(.ctors)
 *(SORT(.ctors.*))
                [!provide]                        PROVIDE (__CTOR_END__, ABSOLUTE (.))
                [!provide]                        PROVIDE (__DTOR_LIST__, ABSOLUTE (.))
 *(.dtors)
 *(SORT(.dtors.*))
                [!provide]                        PROVIDE (__DTOR_END__, ABSOLUTE (.))
 *(.jcr)
                0x00000000000088d8                . = ALIGN (0x4)

.rodata         0x00000000000088d8      0x174
                0x00000000000088d8                PROVIDE (__ram_rodata_start, ABSOLUTE (.))
                0x00000000000088d8                . = ALIGN (0x4)
 *(.rodata .rodata.* .gnu.linkonce.r.*)
 .rodata.str1.4
                0x00000000000088d8       0x7e obj/default/main.o
 *fill*         0x0000000000008956        0x2 
 .rodata        0x0000000000008958       0xed obj/default/main.o
 *fill*         0x0000000000008a45        0x3 
 .rodata.str1.4
                0x0000000000008a48        0x4 obj/default/uart.o
                                          0x3 (size before relaxing)
 *(.rodata1)
                0x0000000000008a4c                . = ALIGN (0x4)
                0x0000000000008a4c                PROVIDE (__ram_rodata_end, ABSOLUTE (.))
                0x00000000000088d8                PROVIDE (__flash_rodata_start, LOADADDR (.rodata))

.rwdata         0x0000000000008a4c        0xc load address 0x0000000000008a58
                0x0000000000008a4c                PROVIDE (__ram_rwdata_start, ABSOLUTE (.))
                0x0000000000008a4c                . = ALIGN (0x4)
 *(.got.plt)
 *(.got)
 *(.data1)
 *(.data .data.* .gnu.linkonce.d.*)
 .data          0x0000000000008a4c        0x0 ../P1_bsp//obj/HAL/src/crt0.o
 .data          0x0000000000008a4c        0x0 obj/default/lcd.o
 .data          0x0000000000008a4c        0x0 obj/default/main.o
 .data          0x0000000000008a4c        0x0 obj/default/uart.o
 .data          0x0000000000008a4c        0x0 c:/intelfpga_lite/18.1/nios2eds/bin/gnu/h-x86_64-mingw32/bin/../lib/gcc/nios2-elf/5.3.0/mno-hw-mul\libgcc.a(lib2-mul.o)
 .data          0x0000000000008a4c        0x0 c:/intelfpga_lite/18.1/nios2eds/bin/gnu/h-x86_64-mingw32/bin/../lib/gcc/nios2-elf/5.3.0/../../../../../H-x86_64-mingw32/nios2-elf/lib/mno-hw-mul\libsmallc.a(lib_a-memcpy.o)
 .data          0x0000000000008a4c        0x0 ../P1_bsp/\libhal_bsp.a(alt_load.o)
 .data          0x0000000000008a4c        0x0 ../P1_bsp/\libhal_bsp.a(alt_main.o)
 .data          0x0000000000008a4c        0x0 ../P1_bsp/\libhal_bsp.a(alt_putstr.o)
 .data          0x0000000000008a4c        0x0 ../P1_bsp/\libhal_bsp.a(alt_usleep.o)
 .data          0x0000000000008a4c        0x0 ../P1_bsp/\libhal_bsp.a(alt_sys_init.o)
 .data          0x0000000000008a4c        0x0 ../P1_bsp/\libhal_bsp.a(altera_avalon_uart_write.o)
 .data          0x0000000000008a4c        0x0 ../P1_bsp/\libhal_bsp.a(alt_busy_sleep.o)
 .data          0x0000000000008a4c        0x0 ../P1_bsp/\libhal_bsp.a(alt_dcache_flush_all.o)
 .data          0x0000000000008a4c        0x0 ../P1_bsp/\libhal_bsp.a(alt_errno.o)
 .data          0x0000000000008a4c        0x0 ../P1_bsp/\libhal_bsp.a(alt_icache_flush_all.o)
 .data          0x0000000000008a4c        0x0 ../P1_bsp/\libhal_bsp.a(altera_nios2_gen2_irq.o)
 .data          0x0000000000008a4c        0x0 c:/intelfpga_lite/18.1/nios2eds/bin/gnu/h-x86_64-mingw32/bin/../lib/gcc/nios2-elf/5.3.0/../../../../../H-x86_64-mingw32/nios2-elf/lib/mno-hw-mul\libsmallc.a(lib_a-int_errno.o)
 .data          0x0000000000008a4c        0x0 c:/intelfpga_lite/18.1/nios2eds/bin/gnu/h-x86_64-mingw32/bin/../lib/gcc/nios2-elf/5.3.0/../../../../../H-x86_64-mingw32/nios2-elf/lib/mno-hw-mul\libsmallc.a(lib_a-strlen.o)
 .data          0x0000000000008a4c        0x0 c:/intelfpga_lite/18.1/nios2eds/bin/gnu/h-x86_64-mingw32/bin/../lib/gcc/nios2-elf/5.3.0/mno-hw-mul\libgcc.a(lib2-divmod.o)
                0x0000000000010a4c                _gp = ABSOLUTE ((. + 0x8000))
                [!provide]                        PROVIDE (gp, _gp)
 *(.rwdata .rwdata.*)
 *(.sdata .sdata.* .gnu.linkonce.s.*)
 .sdata         0x0000000000008a4c        0x8 ../P1_bsp/\libhal_bsp.a(alt_sys_init.o)
                0x0000000000008a4c                rs232
                0x0000000000008a50                jtag
 .sdata         0x0000000000008a54        0x4 ../P1_bsp/\libhal_bsp.a(alt_errno.o)
                0x0000000000008a54                alt_errno
 *(.sdata2 .sdata2.* .gnu.linkonce.s2.*)
                0x0000000000008a58                . = ALIGN (0x4)
                0x0000000000008a58                _edata = ABSOLUTE (.)
                [!provide]                        PROVIDE (edata, ABSOLUTE (.))
                0x0000000000008a58                PROVIDE (__ram_rwdata_end, ABSOLUTE (.))
                0x0000000000008a58                PROVIDE (__flash_rwdata_start, LOADADDR (.rwdata))

.bss            0x0000000000008a64       0x10
                0x0000000000008a64                __bss_start = ABSOLUTE (.)
                [!provide]                        PROVIDE (__sbss_start, ABSOLUTE (.))
                [!provide]                        PROVIDE (___sbss_start, ABSOLUTE (.))
 *(.dynsbss)
 *(.sbss .sbss.* .gnu.linkonce.sb.*)
 .sbss          0x0000000000008a64        0xc ../P1_bsp/\libhal_bsp.a(alt_main.o)
                0x0000000000008a64                alt_envp
                0x0000000000008a68                alt_argv
                0x0000000000008a6c                alt_argc
 .sbss          0x0000000000008a70        0x4 c:/intelfpga_lite/18.1/nios2eds/bin/gnu/h-x86_64-mingw32/bin/../lib/gcc/nios2-elf/5.3.0/../../../../../H-x86_64-mingw32/nios2-elf/lib/mno-hw-mul\libsmallc.a(lib_a-int_errno.o)
                0x0000000000008a70                errno
 *(.sbss2 .sbss2.* .gnu.linkonce.sb2.*)
 *(.scommon)
                [!provide]                        PROVIDE (__sbss_end, ABSOLUTE (.))
                [!provide]                        PROVIDE (___sbss_end, ABSOLUTE (.))
 *(.dynbss)
 *(.bss .bss.* .gnu.linkonce.b.*)
 .bss           0x0000000000008a74        0x0 ../P1_bsp//obj/HAL/src/crt0.o
 .bss           0x0000000000008a74        0x0 obj/default/lcd.o
 .bss           0x0000000000008a74        0x0 obj/default/main.o
 .bss           0x0000000000008a74        0x0 obj/default/uart.o
 .bss           0x0000000000008a74        0x0 c:/intelfpga_lite/18.1/nios2eds/bin/gnu/h-x86_64-mingw32/bin/../lib/gcc/nios2-elf/5.3.0/mno-hw-mul\libgcc.a(lib2-mul.o)
 .bss           0x0000000000008a74        0x0 c:/intelfpga_lite/18.1/nios2eds/bin/gnu/h-x86_64-mingw32/bin/../lib/gcc/nios2-elf/5.3.0/../../../../../H-x86_64-mingw32/nios2-elf/lib/mno-hw-mul\libsmallc.a(lib_a-memcpy.o)
 .bss           0x0000000000008a74        0x0 ../P1_bsp/\libhal_bsp.a(alt_load.o)
 .bss           0x0000000000008a74        0x0 ../P1_bsp/\libhal_bsp.a(alt_main.o)
 .bss           0x0000000000008a74        0x0 ../P1_bsp/\libhal_bsp.a(alt_putstr.o)
 .bss           0x0000000000008a74        0x0 ../P1_bsp/\libhal_bsp.a(alt_usleep.o)
 .bss           0x0000000000008a74        0x0 ../P1_bsp/\libhal_bsp.a(alt_sys_init.o)
 .bss           0x0000000000008a74        0x0 ../P1_bsp/\libhal_bsp.a(altera_avalon_uart_write.o)
 .bss           0x0000000000008a74        0x0 ../P1_bsp/\libhal_bsp.a(alt_busy_sleep.o)
 .bss           0x0000000000008a74        0x0 ../P1_bsp/\libhal_bsp.a(alt_dcache_flush_all.o)
 .bss           0x0000000000008a74        0x0 ../P1_bsp/\libhal_bsp.a(alt_errno.o)
 .bss           0x0000000000008a74        0x0 ../P1_bsp/\libhal_bsp.a(alt_icache_flush_all.o)
 .bss           0x0000000000008a74        0x0 ../P1_bsp/\libhal_bsp.a(altera_nios2_gen2_irq.o)
 .bss           0x0000000000008a74        0x0 c:/intelfpga_lite/18.1/nios2eds/bin/gnu/h-x86_64-mingw32/bin/../lib/gcc/nios2-elf/5.3.0/../../../../../H-x86_64-mingw32/nios2-elf/lib/mno-hw-mul\libsmallc.a(lib_a-int_errno.o)
 .bss           0x0000000000008a74        0x0 c:/intelfpga_lite/18.1/nios2eds/bin/gnu/h-x86_64-mingw32/bin/../lib/gcc/nios2-elf/5.3.0/../../../../../H-x86_64-mingw32/nios2-elf/lib/mno-hw-mul\libsmallc.a(lib_a-strlen.o)
 .bss           0x0000000000008a74        0x0 c:/intelfpga_lite/18.1/nios2eds/bin/gnu/h-x86_64-mingw32/bin/../lib/gcc/nios2-elf/5.3.0/mno-hw-mul\libgcc.a(lib2-divmod.o)
 *(COMMON)
                0x0000000000008a74                . = ALIGN (0x4)
                0x0000000000008a74                __bss_end = ABSOLUTE (.)

.memory         0x0000000000008a74        0x0
                [!provide]                        PROVIDE (_alt_partition_memory_start, ABSOLUTE (.))
 *(.memory .memory. memory.*)
                0x0000000000008a74                . = ALIGN (0x4)
                [!provide]                        PROVIDE (_alt_partition_memory_end, ABSOLUTE (.))
                0x0000000000008a74                _end = ABSOLUTE (.)
                0x0000000000008a74                end = ABSOLUTE (.)
                0x0000000000008a74                __alt_stack_base = ABSOLUTE (.)
                [!provide]                        PROVIDE (_alt_partition_memory_load_addr, LOADADDR (.memory))

.stab
 *(.stab)

.stabstr
 *(.stabstr)

.stab.excl
 *(.stab.excl)

.stab.exclstr
 *(.stab.exclstr)

.stab.index
 *(.stab.index)

.stab.indexstr
 *(.stab.indexstr)

.comment        0x0000000000000000       0x23
 *(.comment)
 .comment       0x0000000000000000       0x23 obj/default/lcd.o
                                         0x24 (size before relaxing)
 .comment       0x0000000000000023       0x24 obj/default/main.o
 .comment       0x0000000000000023       0x24 obj/default/uart.o
 .comment       0x0000000000000023       0x24 c:/intelfpga_lite/18.1/nios2eds/bin/gnu/h-x86_64-mingw32/bin/../lib/gcc/nios2-elf/5.3.0/mno-hw-mul\libgcc.a(lib2-mul.o)
 .comment       0x0000000000000023       0x24 c:/intelfpga_lite/18.1/nios2eds/bin/gnu/h-x86_64-mingw32/bin/../lib/gcc/nios2-elf/5.3.0/../../../../../H-x86_64-mingw32/nios2-elf/lib/mno-hw-mul\libsmallc.a(lib_a-memcpy.o)
 .comment       0x0000000000000023       0x24 ../P1_bsp/\libhal_bsp.a(alt_load.o)
 .comment       0x0000000000000023       0x24 ../P1_bsp/\libhal_bsp.a(alt_main.o)
 .comment       0x0000000000000023       0x24 ../P1_bsp/\libhal_bsp.a(alt_putstr.o)
 .comment       0x0000000000000023       0x24 ../P1_bsp/\libhal_bsp.a(alt_usleep.o)
 .comment       0x0000000000000023       0x24 ../P1_bsp/\libhal_bsp.a(alt_sys_init.o)
 .comment       0x0000000000000023       0x24 ../P1_bsp/\libhal_bsp.a(altera_avalon_uart_write.o)
 .comment       0x0000000000000023       0x24 ../P1_bsp/\libhal_bsp.a(alt_busy_sleep.o)
 .comment       0x0000000000000023       0x24 ../P1_bsp/\libhal_bsp.a(alt_dcache_flush_all.o)
 .comment       0x0000000000000023       0x24 ../P1_bsp/\libhal_bsp.a(alt_errno.o)
 .comment       0x0000000000000023       0x24 ../P1_bsp/\libhal_bsp.a(alt_icache_flush_all.o)
 .comment       0x0000000000000023       0x24 ../P1_bsp/\libhal_bsp.a(altera_nios2_gen2_irq.o)
 .comment       0x0000000000000023       0x24 c:/intelfpga_lite/18.1/nios2eds/bin/gnu/h-x86_64-mingw32/bin/../lib/gcc/nios2-elf/5.3.0/../../../../../H-x86_64-mingw32/nios2-elf/lib/mno-hw-mul\libsmallc.a(lib_a-int_errno.o)
 .comment       0x0000000000000023       0x24 c:/intelfpga_lite/18.1/nios2eds/bin/gnu/h-x86_64-mingw32/bin/../lib/gcc/nios2-elf/5.3.0/../../../../../H-x86_64-mingw32/nios2-elf/lib/mno-hw-mul\libsmallc.a(lib_a-strlen.o)
 .comment       0x0000000000000023       0x24 c:/intelfpga_lite/18.1/nios2eds/bin/gnu/h-x86_64-mingw32/bin/../lib/gcc/nios2-elf/5.3.0/mno-hw-mul\libgcc.a(lib2-divmod.o)

.debug
 *(.debug)

.line
 *(.line)

.debug_srcinfo
 *(.debug_srcinfo)

.debug_sfnames
 *(.debug_sfnames)

.debug_aranges  0x0000000000000000      0x278
 *(.debug_aranges)
 .debug_aranges
                0x0000000000000000       0x28 ../P1_bsp//obj/HAL/src/crt0.o
 .debug_aranges
                0x0000000000000028       0x20 obj/default/lcd.o
 .debug_aranges
                0x0000000000000048       0x20 obj/default/main.o
 .debug_aranges
                0x0000000000000068       0x20 obj/default/uart.o
 .debug_aranges
                0x0000000000000088       0x20 c:/intelfpga_lite/18.1/nios2eds/bin/gnu/h-x86_64-mingw32/bin/../lib/gcc/nios2-elf/5.3.0/mno-hw-mul\libgcc.a(lib2-mul.o)
 .debug_aranges
                0x00000000000000a8       0x20 c:/intelfpga_lite/18.1/nios2eds/bin/gnu/h-x86_64-mingw32/bin/../lib/gcc/nios2-elf/5.3.0/../../../../../H-x86_64-mingw32/nios2-elf/lib/mno-hw-mul\libsmallc.a(lib_a-memcpy.o)
 .debug_aranges
                0x00000000000000c8       0x20 ../P1_bsp/\libhal_bsp.a(alt_load.o)
 .debug_aranges
                0x00000000000000e8       0x20 ../P1_bsp/\libhal_bsp.a(alt_main.o)
 .debug_aranges
                0x0000000000000108       0x20 ../P1_bsp/\libhal_bsp.a(alt_putstr.o)
 .debug_aranges
                0x0000000000000128       0x20 ../P1_bsp/\libhal_bsp.a(alt_usleep.o)
 .debug_aranges
                0x0000000000000148       0x20 ../P1_bsp/\libhal_bsp.a(alt_sys_init.o)
 .debug_aranges
                0x0000000000000168       0x20 ../P1_bsp/\libhal_bsp.a(altera_avalon_uart_write.o)
 .debug_aranges
                0x0000000000000188       0x20 ../P1_bsp/\libhal_bsp.a(alt_busy_sleep.o)
 .debug_aranges
                0x00000000000001a8       0x20 ../P1_bsp/\libhal_bsp.a(alt_dcache_flush_all.o)
 .debug_aranges
                0x00000000000001c8       0x18 ../P1_bsp/\libhal_bsp.a(alt_errno.o)
 .debug_aranges
                0x00000000000001e0       0x20 ../P1_bsp/\libhal_bsp.a(alt_icache_flush_all.o)
 .debug_aranges
                0x0000000000000200       0x20 ../P1_bsp/\libhal_bsp.a(altera_nios2_gen2_irq.o)
 .debug_aranges
                0x0000000000000220       0x18 c:/intelfpga_lite/18.1/nios2eds/bin/gnu/h-x86_64-mingw32/bin/../lib/gcc/nios2-elf/5.3.0/../../../../../H-x86_64-mingw32/nios2-elf/lib/mno-hw-mul\libsmallc.a(lib_a-int_errno.o)
 .debug_aranges
                0x0000000000000238       0x20 c:/intelfpga_lite/18.1/nios2eds/bin/gnu/h-x86_64-mingw32/bin/../lib/gcc/nios2-elf/5.3.0/../../../../../H-x86_64-mingw32/nios2-elf/lib/mno-hw-mul\libsmallc.a(lib_a-strlen.o)
 .debug_aranges
                0x0000000000000258       0x20 c:/intelfpga_lite/18.1/nios2eds/bin/gnu/h-x86_64-mingw32/bin/../lib/gcc/nios2-elf/5.3.0/mno-hw-mul\libgcc.a(lib2-divmod.o)

.debug_pubnames
 *(.debug_pubnames)

.debug_info     0x0000000000000000     0x184c
 *(.debug_info .gnu.linkonce.wi.*)
 .debug_info    0x0000000000000000       0x7c ../P1_bsp//obj/HAL/src/crt0.o
 .debug_info    0x000000000000007c      0x1ff obj/default/lcd.o
 .debug_info    0x000000000000027b      0x31f obj/default/main.o
 .debug_info    0x000000000000059a       0xdb obj/default/uart.o
 .debug_info    0x0000000000000675       0xb4 c:/intelfpga_lite/18.1/nios2eds/bin/gnu/h-x86_64-mingw32/bin/../lib/gcc/nios2-elf/5.3.0/mno-hw-mul\libgcc.a(lib2-mul.o)
 .debug_info    0x0000000000000729      0x119 c:/intelfpga_lite/18.1/nios2eds/bin/gnu/h-x86_64-mingw32/bin/../lib/gcc/nios2-elf/5.3.0/../../../../../H-x86_64-mingw32/nios2-elf/lib/mno-hw-mul\libsmallc.a(lib_a-memcpy.o)
 .debug_info    0x0000000000000842      0x1c9 ../P1_bsp/\libhal_bsp.a(alt_load.o)
 .debug_info    0x0000000000000a0b      0x169 ../P1_bsp/\libhal_bsp.a(alt_main.o)
 .debug_info    0x0000000000000b74      0x13a ../P1_bsp/\libhal_bsp.a(alt_putstr.o)
 .debug_info    0x0000000000000cae       0xd1 ../P1_bsp/\libhal_bsp.a(alt_usleep.o)
 .debug_info    0x0000000000000d7f      0x1ba ../P1_bsp/\libhal_bsp.a(alt_sys_init.o)
 .debug_info    0x0000000000000f39      0x1c6 ../P1_bsp/\libhal_bsp.a(altera_avalon_uart_write.o)
 .debug_info    0x00000000000010ff       0xd8 ../P1_bsp/\libhal_bsp.a(alt_busy_sleep.o)
 .debug_info    0x00000000000011d7       0x92 ../P1_bsp/\libhal_bsp.a(alt_dcache_flush_all.o)
 .debug_info    0x0000000000001269       0xa6 ../P1_bsp/\libhal_bsp.a(alt_errno.o)
 .debug_info    0x000000000000130f       0x92 ../P1_bsp/\libhal_bsp.a(alt_icache_flush_all.o)
 .debug_info    0x00000000000013a1       0x92 ../P1_bsp/\libhal_bsp.a(altera_nios2_gen2_irq.o)
 .debug_info    0x0000000000001433       0x8a c:/intelfpga_lite/18.1/nios2eds/bin/gnu/h-x86_64-mingw32/bin/../lib/gcc/nios2-elf/5.3.0/../../../../../H-x86_64-mingw32/nios2-elf/lib/mno-hw-mul\libsmallc.a(lib_a-int_errno.o)
 .debug_info    0x00000000000014bd       0xc9 c:/intelfpga_lite/18.1/nios2eds/bin/gnu/h-x86_64-mingw32/bin/../lib/gcc/nios2-elf/5.3.0/../../../../../H-x86_64-mingw32/nios2-elf/lib/mno-hw-mul\libsmallc.a(lib_a-strlen.o)
 .debug_info    0x0000000000001586      0x2c6 c:/intelfpga_lite/18.1/nios2eds/bin/gnu/h-x86_64-mingw32/bin/../lib/gcc/nios2-elf/5.3.0/mno-hw-mul\libgcc.a(lib2-divmod.o)

.debug_abbrev   0x0000000000000000      0xbf2
 *(.debug_abbrev)
 .debug_abbrev  0x0000000000000000       0x12 ../P1_bsp//obj/HAL/src/crt0.o
 .debug_abbrev  0x0000000000000012       0xdc obj/default/lcd.o
 .debug_abbrev  0x00000000000000ee       0xd1 obj/default/main.o
 .debug_abbrev  0x00000000000001bf       0xa2 obj/default/uart.o
 .debug_abbrev  0x0000000000000261       0x6f c:/intelfpga_lite/18.1/nios2eds/bin/gnu/h-x86_64-mingw32/bin/../lib/gcc/nios2-elf/5.3.0/mno-hw-mul\libgcc.a(lib2-mul.o)
 .debug_abbrev  0x00000000000002d0       0x9c c:/intelfpga_lite/18.1/nios2eds/bin/gnu/h-x86_64-mingw32/bin/../lib/gcc/nios2-elf/5.3.0/../../../../../H-x86_64-mingw32/nios2-elf/lib/mno-hw-mul\libsmallc.a(lib_a-memcpy.o)
 .debug_abbrev  0x000000000000036c       0xd8 ../P1_bsp/\libhal_bsp.a(alt_load.o)
 .debug_abbrev  0x0000000000000444       0xee ../P1_bsp/\libhal_bsp.a(alt_main.o)
 .debug_abbrev  0x0000000000000532       0xd3 ../P1_bsp/\libhal_bsp.a(alt_putstr.o)
 .debug_abbrev  0x0000000000000605       0x8d ../P1_bsp/\libhal_bsp.a(alt_usleep.o)
 .debug_abbrev  0x0000000000000692      0x107 ../P1_bsp/\libhal_bsp.a(alt_sys_init.o)
 .debug_abbrev  0x0000000000000799       0xe8 ../P1_bsp/\libhal_bsp.a(altera_avalon_uart_write.o)
 .debug_abbrev  0x0000000000000881       0x8d ../P1_bsp/\libhal_bsp.a(alt_busy_sleep.o)
 .debug_abbrev  0x000000000000090e       0x42 ../P1_bsp/\libhal_bsp.a(alt_dcache_flush_all.o)
 .debug_abbrev  0x0000000000000950       0x5a ../P1_bsp/\libhal_bsp.a(alt_errno.o)
 .debug_abbrev  0x00000000000009aa       0x42 ../P1_bsp/\libhal_bsp.a(alt_icache_flush_all.o)
 .debug_abbrev  0x00000000000009ec       0x42 ../P1_bsp/\libhal_bsp.a(altera_nios2_gen2_irq.o)
 .debug_abbrev  0x0000000000000a2e       0x37 c:/intelfpga_lite/18.1/nios2eds/bin/gnu/h-x86_64-mingw32/bin/../lib/gcc/nios2-elf/5.3.0/../../../../../H-x86_64-mingw32/nios2-elf/lib/mno-hw-mul\libsmallc.a(lib_a-int_errno.o)
 .debug_abbrev  0x0000000000000a65       0x7f c:/intelfpga_lite/18.1/nios2eds/bin/gnu/h-x86_64-mingw32/bin/../lib/gcc/nios2-elf/5.3.0/../../../../../H-x86_64-mingw32/nios2-elf/lib/mno-hw-mul\libsmallc.a(lib_a-strlen.o)
 .debug_abbrev  0x0000000000000ae4      0x10e c:/intelfpga_lite/18.1/nios2eds/bin/gnu/h-x86_64-mingw32/bin/../lib/gcc/nios2-elf/5.3.0/mno-hw-mul\libgcc.a(lib2-divmod.o)

.debug_line     0x0000000000000000      0xe5f
 *(.debug_line)
 .debug_line    0x0000000000000000       0x66 ../P1_bsp//obj/HAL/src/crt0.o
 .debug_line    0x0000000000000066       0xcd obj/default/lcd.o
 .debug_line    0x0000000000000133      0x13d obj/default/main.o
 .debug_line    0x0000000000000270       0x8a obj/default/uart.o
 .debug_line    0x00000000000002fa       0x80 c:/intelfpga_lite/18.1/nios2eds/bin/gnu/h-x86_64-mingw32/bin/../lib/gcc/nios2-elf/5.3.0/mno-hw-mul\libgcc.a(lib2-mul.o)
 .debug_line    0x000000000000037a      0x15e c:/intelfpga_lite/18.1/nios2eds/bin/gnu/h-x86_64-mingw32/bin/../lib/gcc/nios2-elf/5.3.0/../../../../../H-x86_64-mingw32/nios2-elf/lib/mno-hw-mul\libsmallc.a(lib_a-memcpy.o)
 .debug_line    0x00000000000004d8       0xa4 ../P1_bsp/\libhal_bsp.a(alt_load.o)
 .debug_line    0x000000000000057c       0xbd ../P1_bsp/\libhal_bsp.a(alt_main.o)
 .debug_line    0x0000000000000639       0xa0 ../P1_bsp/\libhal_bsp.a(alt_putstr.o)
 .debug_line    0x00000000000006d9       0xcf ../P1_bsp/\libhal_bsp.a(alt_usleep.o)
 .debug_line    0x00000000000007a8      0x119 ../P1_bsp/\libhal_bsp.a(alt_sys_init.o)
 .debug_line    0x00000000000008c1       0xec ../P1_bsp/\libhal_bsp.a(altera_avalon_uart_write.o)
 .debug_line    0x00000000000009ad       0xb5 ../P1_bsp/\libhal_bsp.a(alt_busy_sleep.o)
 .debug_line    0x0000000000000a62       0x4e ../P1_bsp/\libhal_bsp.a(alt_dcache_flush_all.o)
 .debug_line    0x0000000000000ab0       0x51 ../P1_bsp/\libhal_bsp.a(alt_errno.o)
 .debug_line    0x0000000000000b01       0x4e ../P1_bsp/\libhal_bsp.a(alt_icache_flush_all.o)
 .debug_line    0x0000000000000b4f       0x50 ../P1_bsp/\libhal_bsp.a(altera_nios2_gen2_irq.o)
 .debug_line    0x0000000000000b9f       0x5f c:/intelfpga_lite/18.1/nios2eds/bin/gnu/h-x86_64-mingw32/bin/../lib/gcc/nios2-elf/5.3.0/../../../../../H-x86_64-mingw32/nios2-elf/lib/mno-hw-mul\libsmallc.a(lib_a-int_errno.o)
 .debug_line    0x0000000000000bfe      0x15c c:/intelfpga_lite/18.1/nios2eds/bin/gnu/h-x86_64-mingw32/bin/../lib/gcc/nios2-elf/5.3.0/../../../../../H-x86_64-mingw32/nios2-elf/lib/mno-hw-mul\libsmallc.a(lib_a-strlen.o)
 .debug_line    0x0000000000000d5a      0x105 c:/intelfpga_lite/18.1/nios2eds/bin/gnu/h-x86_64-mingw32/bin/../lib/gcc/nios2-elf/5.3.0/mno-hw-mul\libgcc.a(lib2-divmod.o)

.debug_frame    0x0000000000000000      0x324
 *(.debug_frame)
 .debug_frame   0x0000000000000000       0x68 obj/default/lcd.o
 .debug_frame   0x0000000000000068       0x34 obj/default/main.o
 .debug_frame   0x000000000000009c       0x2c obj/default/uart.o
 .debug_frame   0x00000000000000c8       0x20 c:/intelfpga_lite/18.1/nios2eds/bin/gnu/h-x86_64-mingw32/bin/../lib/gcc/nios2-elf/5.3.0/mno-hw-mul\libgcc.a(lib2-mul.o)
 .debug_frame   0x00000000000000e8       0x20 c:/intelfpga_lite/18.1/nios2eds/bin/gnu/h-x86_64-mingw32/bin/../lib/gcc/nios2-elf/5.3.0/../../../../../H-x86_64-mingw32/nios2-elf/lib/mno-hw-mul\libsmallc.a(lib_a-memcpy.o)
 .debug_frame   0x0000000000000108       0x30 ../P1_bsp/\libhal_bsp.a(alt_load.o)
 .debug_frame   0x0000000000000138       0x2c ../P1_bsp/\libhal_bsp.a(alt_main.o)
 .debug_frame   0x0000000000000164       0x30 ../P1_bsp/\libhal_bsp.a(alt_putstr.o)
 .debug_frame   0x0000000000000194       0x20 ../P1_bsp/\libhal_bsp.a(alt_usleep.o)
 .debug_frame   0x00000000000001b4       0x3c ../P1_bsp/\libhal_bsp.a(alt_sys_init.o)
 .debug_frame   0x00000000000001f0       0x34 ../P1_bsp/\libhal_bsp.a(altera_avalon_uart_write.o)
 .debug_frame   0x0000000000000224       0x30 ../P1_bsp/\libhal_bsp.a(alt_busy_sleep.o)
 .debug_frame   0x0000000000000254       0x20 ../P1_bsp/\libhal_bsp.a(alt_dcache_flush_all.o)
 .debug_frame   0x0000000000000274       0x20 ../P1_bsp/\libhal_bsp.a(alt_icache_flush_all.o)
 .debug_frame   0x0000000000000294       0x20 ../P1_bsp/\libhal_bsp.a(altera_nios2_gen2_irq.o)
 .debug_frame   0x00000000000002b4       0x20 c:/intelfpga_lite/18.1/nios2eds/bin/gnu/h-x86_64-mingw32/bin/../lib/gcc/nios2-elf/5.3.0/../../../../../H-x86_64-mingw32/nios2-elf/lib/mno-hw-mul\libsmallc.a(lib_a-strlen.o)
 .debug_frame   0x00000000000002d4       0x50 c:/intelfpga_lite/18.1/nios2eds/bin/gnu/h-x86_64-mingw32/bin/../lib/gcc/nios2-elf/5.3.0/mno-hw-mul\libgcc.a(lib2-divmod.o)

.debug_str      0x0000000000000000      0x9ca
 *(.debug_str)
 .debug_str     0x0000000000000000      0x112 obj/default/lcd.o
                                        0x14b (size before relaxing)
 .debug_str     0x0000000000000112       0x44 obj/default/main.o
                                        0x19a (size before relaxing)
 .debug_str     0x0000000000000156       0x17 obj/default/uart.o
                                        0x131 (size before relaxing)
 .debug_str     0x000000000000016d      0x148 c:/intelfpga_lite/18.1/nios2eds/bin/gnu/h-x86_64-mingw32/bin/../lib/gcc/nios2-elf/5.3.0/mno-hw-mul\libgcc.a(lib2-mul.o)
                                        0x193 (size before relaxing)
 .debug_str     0x00000000000002b5      0x14e c:/intelfpga_lite/18.1/nios2eds/bin/gnu/h-x86_64-mingw32/bin/../lib/gcc/nios2-elf/5.3.0/../../../../../H-x86_64-mingw32/nios2-elf/lib/mno-hw-mul\libsmallc.a(lib_a-memcpy.o)
                                        0x1f3 (size before relaxing)
 .debug_str     0x0000000000000403      0x163 ../P1_bsp/\libhal_bsp.a(alt_load.o)
                                        0x24a (size before relaxing)
 .debug_str     0x0000000000000566       0x8f ../P1_bsp/\libhal_bsp.a(alt_main.o)
                                        0x1c3 (size before relaxing)
 .debug_str     0x00000000000005f5       0x56 ../P1_bsp/\libhal_bsp.a(alt_putstr.o)
                                        0x190 (size before relaxing)
 .debug_str     0x000000000000064b       0x2f ../P1_bsp/\libhal_bsp.a(alt_usleep.o)
                                        0x165 (size before relaxing)
 .debug_str     0x000000000000067a       0xc4 ../P1_bsp/\libhal_bsp.a(alt_sys_init.o)
                                        0x267 (size before relaxing)
 .debug_str     0x000000000000073e       0x58 ../P1_bsp/\libhal_bsp.a(altera_avalon_uart_write.o)
                                        0x217 (size before relaxing)
 .debug_str     0x0000000000000796       0x33 ../P1_bsp/\libhal_bsp.a(alt_busy_sleep.o)
                                        0x179 (size before relaxing)
 .debug_str     0x00000000000007c9       0x1f ../P1_bsp/\libhal_bsp.a(alt_dcache_flush_all.o)
                                        0x163 (size before relaxing)
 .debug_str     0x00000000000007e8       0x14 ../P1_bsp/\libhal_bsp.a(alt_errno.o)
                                        0x153 (size before relaxing)
 .debug_str     0x00000000000007fc       0x1f ../P1_bsp/\libhal_bsp.a(alt_icache_flush_all.o)
                                        0x163 (size before relaxing)
 .debug_str     0x000000000000081b       0x20 ../P1_bsp/\libhal_bsp.a(altera_nios2_gen2_irq.o)
                                        0x16a (size before relaxing)
 .debug_str     0x000000000000083b       0xd3 c:/intelfpga_lite/18.1/nios2eds/bin/gnu/h-x86_64-mingw32/bin/../lib/gcc/nios2-elf/5.3.0/../../../../../H-x86_64-mingw32/nios2-elf/lib/mno-hw-mul\libsmallc.a(lib_a-int_errno.o)
                                        0x1d8 (size before relaxing)
 .debug_str     0x000000000000090e       0x3d c:/intelfpga_lite/18.1/nios2eds/bin/gnu/h-x86_64-mingw32/bin/../lib/gcc/nios2-elf/5.3.0/../../../../../H-x86_64-mingw32/nios2-elf/lib/mno-hw-mul\libsmallc.a(lib_a-strlen.o)
                                        0x1e5 (size before relaxing)
 .debug_str     0x000000000000094b       0x7f c:/intelfpga_lite/18.1/nios2eds/bin/gnu/h-x86_64-mingw32/bin/../lib/gcc/nios2-elf/5.3.0/mno-hw-mul\libgcc.a(lib2-divmod.o)
                                        0x1d2 (size before relaxing)

.debug_loc      0x0000000000000000      0xaae
 *(.debug_loc)
 .debug_loc     0x0000000000000000       0xaf obj/default/lcd.o
 .debug_loc     0x00000000000000af       0xdb obj/default/main.o
 .debug_loc     0x000000000000018a       0x34 obj/default/uart.o
 .debug_loc     0x00000000000001be       0x93 c:/intelfpga_lite/18.1/nios2eds/bin/gnu/h-x86_64-mingw32/bin/../lib/gcc/nios2-elf/5.3.0/mno-hw-mul\libgcc.a(lib2-mul.o)
 .debug_loc     0x0000000000000251      0x135 c:/intelfpga_lite/18.1/nios2eds/bin/gnu/h-x86_64-mingw32/bin/../lib/gcc/nios2-elf/5.3.0/../../../../../H-x86_64-mingw32/nios2-elf/lib/mno-hw-mul\libsmallc.a(lib_a-memcpy.o)
 .debug_loc     0x0000000000000386       0x37 ../P1_bsp/\libhal_bsp.a(alt_putstr.o)
 .debug_loc     0x00000000000003bd       0x21 ../P1_bsp/\libhal_bsp.a(alt_usleep.o)
 .debug_loc     0x00000000000003de       0x21 ../P1_bsp/\libhal_bsp.a(alt_sys_init.o)
 .debug_loc     0x00000000000003ff      0x15c ../P1_bsp/\libhal_bsp.a(altera_avalon_uart_write.o)
 .debug_loc     0x000000000000055b       0x67 ../P1_bsp/\libhal_bsp.a(alt_busy_sleep.o)
 .debug_loc     0x00000000000005c2       0x1e c:/intelfpga_lite/18.1/nios2eds/bin/gnu/h-x86_64-mingw32/bin/../lib/gcc/nios2-elf/5.3.0/../../../../../H-x86_64-mingw32/nios2-elf/lib/mno-hw-mul\libsmallc.a(lib_a-strlen.o)
 .debug_loc     0x00000000000005e0      0x4ce c:/intelfpga_lite/18.1/nios2eds/bin/gnu/h-x86_64-mingw32/bin/../lib/gcc/nios2-elf/5.3.0/mno-hw-mul\libgcc.a(lib2-divmod.o)

.debug_macinfo
 *(.debug_macinfo)

.debug_weaknames
 *(.debug_weaknames)

.debug_funcnames
 *(.debug_funcnames)

.debug_typenames
 *(.debug_typenames)

.debug_varnames
 *(.debug_varnames)

.debug_alt_sim_info
                0x0000000000000000       0x40
 *(.debug_alt_sim_info)
 .debug_alt_sim_info
                0x0000000000000000       0x10 ../P1_bsp//obj/HAL/src/crt0.o
 .debug_alt_sim_info
                0x0000000000000010       0x30 ../P1_bsp/\libhal_bsp.a(alt_busy_sleep.o)
                0x000000000000e000                __alt_data_end = 0xe000
                0x000000000000e000                PROVIDE (__alt_stack_pointer, __alt_data_end)
                [!provide]                        PROVIDE (__alt_stack_limit, __alt_stack_base)
                [!provide]                        PROVIDE (__alt_heap_start, end)
                [!provide]                        PROVIDE (__alt_heap_limit, 0xe000)
OUTPUT(P1.elf elf32-littlenios2)

.debug_ranges   0x0000000000000000       0xf8
 .debug_ranges  0x0000000000000000       0x20 ../P1_bsp//obj/HAL/src/crt0.o
 .debug_ranges  0x0000000000000020       0x10 obj/default/main.o
 .debug_ranges  0x0000000000000030       0x10 c:/intelfpga_lite/18.1/nios2eds/bin/gnu/h-x86_64-mingw32/bin/../lib/gcc/nios2-elf/5.3.0/../../../../../H-x86_64-mingw32/nios2-elf/lib/mno-hw-mul\libsmallc.a(lib_a-memcpy.o)
 .debug_ranges  0x0000000000000040       0x48 ../P1_bsp/\libhal_bsp.a(alt_load.o)
 .debug_ranges  0x0000000000000088       0x10 c:/intelfpga_lite/18.1/nios2eds/bin/gnu/h-x86_64-mingw32/bin/../lib/gcc/nios2-elf/5.3.0/../../../../../H-x86_64-mingw32/nios2-elf/lib/mno-hw-mul\libsmallc.a(lib_a-strlen.o)
 .debug_ranges  0x0000000000000098       0x60 c:/intelfpga_lite/18.1/nios2eds/bin/gnu/h-x86_64-mingw32/bin/../lib/gcc/nios2-elf/5.3.0/mno-hw-mul\libgcc.a(lib2-divmod.o)
